// Jest Snapshot v1, https://goo.gl/fbAQLP

exports[`<LogoutScreen /> snapshot test 1`] = `
<View>
  <Text>
    Logout
  </Text>
</View>
`;
