// Jest Snapshot v1, https://goo.gl/fbAQLP

exports[`<TeamCreateScreen /> snapshot test 1`] = `
<RNCSafeAreaView
  accessible={true}
  focusable={true}
  onClick={[Function]}
  onResponderGrant={[Function]}
  onResponderMove={[Function]}
  onResponderRelease={[Function]}
  onResponderTerminate={[Function]}
  onResponderTerminationRequest={[Function]}
  onStartShouldSetResponder={[Function]}
  style={
    Object {
      "alignItems": "center",
      "backgroundColor": "#EBEFF5",
      "flex": 1,
      "minHeight": 1334,
    }
  }
>
  <Modal
    animationType="fade"
    hardwareAccelerated={false}
    onRequestClose={[Function]}
    statusBarTranslucent={true}
    supportedOrientations={
      Array [
        "landscape",
        "portrait",
      ]
    }
    transparent={true}
    visible={false}
  >
    <View
      style={
        Array [
          Object {
            "backgroundColor": "transparent",
            "bottom": 0,
            "flex": 1,
            "left": 0,
            "position": "absolute",
            "right": 0,
            "top": 0,
          },
          Object {
            "backgroundColor": "rgba(0, 0, 0, 0.2)",
          },
        ]
      }
    >
      <View
        style={
          Object {
            "alignItems": "center",
            "bottom": 0,
            "justifyContent": "center",
            "left": 0,
            "position": "absolute",
            "right": 0,
            "top": 0,
          }
        }
      >
        <ActivityIndicator
          animating={true}
          color="white"
          hidesWhenStopped={true}
          size="large"
          style={
            Array [
              Object {
                "flex": 1,
              },
              Object {},
            ]
          }
        />
        <View
          style={
            Array [
              Object {
                "alignItems": "center",
                "bottom": 0,
                "flex": 1,
                "justifyContent": "center",
                "left": 0,
                "position": "absolute",
                "right": 0,
                "top": 0,
              },
              Object {},
            ]
          }
        >
          <Text
            style={
              Array [
                Object {
                  "fontSize": 20,
                  "fontWeight": "bold",
                  "height": 50,
                  "top": 80,
                },
                Object {
                  "color": "#FFFFFF",
                  "fontFamily": "NotoSansKR_100Thin",
                  "fontSize": 18,
                },
              ]
            }
          >
            Team Creating
          </Text>
        </View>
      </View>
    </View>
  </Modal>
  <Modal
    hardwareAccelerated={false}
    transparent={true}
    visible={false}
  >
    <View
      accessible={true}
      focusable={true}
      onClick={[Function]}
      onResponderGrant={[Function]}
      onResponderMove={[Function]}
      onResponderRelease={[Function]}
      onResponderTerminate={[Function]}
      onResponderTerminationRequest={[Function]}
      onStartShouldSetResponder={[Function]}
      style={
        Object {
          "alignItems": "center",
          "backgroundColor": "rgba(0, 0, 0, 0.2)",
          "flex": 1,
          "justifyContent": "center",
        }
      }
    >
      <Text
        style={
          Object {
            "alignItems": "center",
            "backgroundColor": "#F6F6F6",
            "borderRadius": 5,
            "fontFamily": "NotoSansKR_500Medium",
            "fontSize": 18,
            "height": 133.4,
            "includeFontPadding": false,
            "justifyContent": "center",
            "textAlign": "center",
            "textAlignVertical": "center",
            "width": 375,
          }
        }
      >
        팀 정보를 입력해주세요.
      </Text>
    </View>
  </Modal>
  <Modal
    hardwareAccelerated={false}
    testID="modal"
    transparent={true}
    visible={false}
  >
    <View
      accessible={true}
      focusable={true}
      onClick={[Function]}
      onResponderGrant={[Function]}
      onResponderMove={[Function]}
      onResponderRelease={[Function]}
      onResponderTerminate={[Function]}
      onResponderTerminationRequest={[Function]}
      onStartShouldSetResponder={[Function]}
      style={
        Object {
          "alignItems": "center",
          "backgroundColor": "rgba(0, 0, 0, 0.2)",
          "flex": 1,
          "justifyContent": "center",
        }
      }
      testID="touchable-without-feedback"
    >
      <Text
        style={
          Object {
            "alignItems": "center",
            "backgroundColor": "#F6F6F6",
            "borderRadius": 5,
            "fontFamily": "NotoSansKR_500Medium",
            "fontSize": 18,
            "height": 133.4,
            "includeFontPadding": false,
            "justifyContent": "center",
            "textAlign": "center",
            "textAlignVertical": "center",
            "width": 375,
          }
        }
      >
        팀을 만들었습니다.
      </Text>
    </View>
  </Modal>
  <View
    style={
      Object {
        "alignItems": "center",
        "marginTop": 30,
      }
    }
  >
    <View
      style={
        Object {
          "alignItems": "center",
          "height": 200.1,
          "justifyContent": "center",
          "marginBottom": 20,
          "width": 225,
        }
      }
    >
      <Image
        source={
          Object {
            "uri": "https://minho-bucket.s3.ap-northeast-2.amazonaws.com/blank_profile.png",
          }
        }
        style={
          Object {
            "height": "100%",
            "resizeMode": "contain",
            "width": "100%",
          }
        }
      />
    </View>
    <View
      accessible={true}
      focusable={true}
      onClick={[Function]}
      onResponderGrant={[Function]}
      onResponderMove={[Function]}
      onResponderRelease={[Function]}
      onResponderTerminate={[Function]}
      onResponderTerminationRequest={[Function]}
      onStartShouldSetResponder={[Function]}
      style={
        Object {
          "alignItems": "center",
          "backgroundColor": "#283593",
          "borderRadius": 15,
          "height": 75,
          "justifyContent": "center",
          "marginBottom": undefined,
          "marginLeft": undefined,
          "marginRight": undefined,
          "marginTop": undefined,
          "opacity": 1,
          "width": 225,
        }
      }
      testID="custom-button"
    >
      <Text
        style={
          Object {
            "color": "#FFFFFF",
            "fontFamily": "NotoSansKR_400Regular",
            "fontSize": 16,
            "height": "100%",
            "includeFontPadding": false,
            "textAlign": "center",
            "textAlignVertical": "center",
            "width": "100%",
          }
        }
      >
        앨범에서 선택
      </Text>
    </View>
  </View>
  <View
    style={
      Object {
        "backgroundColor": "#FDF3A7",
        "borderRadius": 5,
        "elevation": 5,
        "height": 400.2,
        "justifyContent": "space-around",
        "marginVertical": 30,
        "shadowColor": "rgb(50, 50, 50)",
        "shadowOffset": Object {
          "height": -1,
          "width": 0,
        },
        "shadowOpacity": 0.5,
        "shadowRadius": 5,
        "width": 675,
      }
    }
  >
    <View
      style={
        Object {
          "alignItems": "center",
          "flexDirection": "row",
          "height": 133.4,
        }
      }
    >
      <Text
        style={
          Object {
            "fontFamily": "NotoSansKR_400Regular",
            "fontSize": 16,
            "height": 66.7,
            "includeFontPadding": false,
            "marginHorizontal": 15,
            "textAlign": "left",
            "textAlignVertical": "center",
          }
        }
      >
        팀명
      </Text>
      <TextInput
        allowFontScaling={true}
        autoCompleteType="off"
        onChangeText={[Function]}
        placeholder="팀 이름을 입력하세요."
        rejectResponderTermination={true}
        style={
          Object {
            "backgroundColor": "#FFFFFF",
            "borderRadius": 5,
            "fontFamily": "NotoSansKR_300Light",
            "fontSize": 14,
            "height": 53.36,
            "includeFontPadding": false,
            "textAlign": "center",
            "textAlignVertical": "center",
            "width": 300,
          }
        }
        underlineColorAndroid="transparent"
        value={null}
      />
    </View>
    <View
      style={
        Object {
          "alignItems": "center",
          "flexDirection": "row",
          "height": 133.4,
        }
      }
    >
      <Text
        style={
          Object {
            "fontFamily": "NotoSansKR_400Regular",
            "fontSize": 16,
            "height": 66.7,
            "includeFontPadding": false,
            "marginHorizontal": 15,
            "textAlign": "left",
            "textAlignVertical": "center",
          }
        }
      >
        종목
      </Text>
      <View
        adjustFrame={[Function]}
        animated={true}
        defaultIndex={-1}
        defaultValue="종목을 선택하세요."
        disabled={false}
        dropdownStyle={
          Object {
            "height": 0,
            "width": 300,
          }
        }
        dropdownTextStyle={
          Object {
            "color": "black",
            "fontFamily": "NotoSansKR_300Light",
            "fontSize": 14,
            "height": 24,
            "includeFontPadding": false,
            "marginVertical": 5,
            "paddingVertical": 0,
            "textAlign": "center",
            "textAlignVertical": "center",
          }
        }
        isFullWidth={false}
        keyboardShouldPersistTaps="never"
        multipleSelect={false}
        onSelect={[Function]}
        options={Array []}
        renderButtonComponent={
          Object {
            "$$typeof": Symbol(react.forward_ref),
            "render": [Function],
          }
        }
        renderRightComponent={[Function]}
        renderRowComponent={
          Object {
            "$$typeof": Symbol(react.forward_ref),
            "render": [Function],
          }
        }
        scrollEnabled={true}
        showsVerticalScrollIndicator={true}
        style={
          Object {
            "alignItems": "center",
            "backgroundColor": "#FFFFFF",
            "borderRadius": 5,
            "height": 53.36,
            "justifyContent": "center",
            "width": 300,
          }
        }
        testID="modal-drop-down"
        textStyle={
          Object {
            "color": undefined,
            "fontFamily": "NotoSansKR_400Regular",
            "fontSize": 14,
            "height": 53.36,
            "includeFontPadding": false,
            "textAlign": "center",
            "textAlignVertical": "center",
            "width": 300,
          }
        }
      >
        <View
          accessible={true}
          focusable={true}
          forwardedRef={[Function]}
          onClick={[Function]}
          onResponderGrant={[Function]}
          onResponderMove={[Function]}
          onResponderRelease={[Function]}
          onResponderTerminate={[Function]}
          onResponderTerminationRequest={[Function]}
          onStartShouldSetResponder={[Function]}
          style={
            Object {
              "opacity": 1,
            }
          }
        >
          <View
            style={
              Object {
                "alignItems": "center",
                "flexDirection": "row",
              }
            }
          >
            <Text
              numberOfLines={1}
              style={
                Array [
                  Object {
                    "fontSize": 12,
                  },
                  Array [
                    Object {
                      "color": undefined,
                      "fontFamily": "NotoSansKR_400Regular",
                      "fontSize": 14,
                      "height": 53.36,
                      "includeFontPadding": false,
                      "textAlign": "center",
                      "textAlignVertical": "center",
                      "width": 300,
                    },
                    undefined,
                  ],
                ]
              }
            >
              종목을 선택하세요.
            </Text>
            <View />
          </View>
        </View>
      </View>
    </View>
    <View
      style={
        Object {
          "alignItems": "center",
          "flexDirection": "row",
          "height": 133.4,
        }
      }
    >
      <Text
        style={
          Object {
            "fontFamily": "NotoSansKR_400Regular",
            "fontSize": 16,
            "height": 66.7,
            "includeFontPadding": false,
            "marginHorizontal": 15,
            "textAlign": "left",
            "textAlignVertical": "center",
          }
        }
      >
        지역
      </Text>
      <View
        adjustFrame={[Function]}
        animated={true}
        defaultIndex={-1}
        defaultValue="동네를 선택하세요."
        disabled={false}
        dropdownStyle={
          Object {
            "height": 0,
            "width": 300,
          }
        }
        dropdownTextStyle={
          Object {
            "color": "black",
            "fontFamily": "NotoSansKR_300Light",
            "fontSize": 14,
            "height": 24,
            "includeFontPadding": false,
            "marginVertical": 5,
            "paddingVertical": 0,
            "textAlign": "center",
            "textAlignVertical": "center",
          }
        }
        isFullWidth={false}
        keyboardShouldPersistTaps="never"
        multipleSelect={false}
        onSelect={[Function]}
        options={Array []}
        renderButtonComponent={
          Object {
            "$$typeof": Symbol(react.forward_ref),
            "render": [Function],
          }
        }
        renderRightComponent={[Function]}
        renderRowComponent={
          Object {
            "$$typeof": Symbol(react.forward_ref),
            "render": [Function],
          }
        }
        scrollEnabled={true}
        showsVerticalScrollIndicator={true}
        style={
          Object {
            "alignItems": "center",
            "backgroundColor": "#FFFFFF",
            "borderRadius": 5,
            "height": 53.36,
            "justifyContent": "center",
            "width": 300,
          }
        }
        testID="modal-drop-down"
        textStyle={
          Object {
            "color": undefined,
            "fontFamily": "NotoSansKR_400Regular",
            "fontSize": 14,
            "height": 53.36,
            "includeFontPadding": false,
            "textAlign": "center",
            "textAlignVertical": "center",
            "width": 300,
          }
        }
      >
        <View
          accessible={true}
          focusable={true}
          forwardedRef={[Function]}
          onClick={[Function]}
          onResponderGrant={[Function]}
          onResponderMove={[Function]}
          onResponderRelease={[Function]}
          onResponderTerminate={[Function]}
          onResponderTerminationRequest={[Function]}
          onStartShouldSetResponder={[Function]}
          style={
            Object {
              "opacity": 1,
            }
          }
        >
          <View
            style={
              Object {
                "alignItems": "center",
                "flexDirection": "row",
              }
            }
          >
            <Text
              numberOfLines={1}
              style={
                Array [
                  Object {
                    "fontSize": 12,
                  },
                  Array [
                    Object {
                      "color": undefined,
                      "fontFamily": "NotoSansKR_400Regular",
                      "fontSize": 14,
                      "height": 53.36,
                      "includeFontPadding": false,
                      "textAlign": "center",
                      "textAlignVertical": "center",
                      "width": 300,
                    },
                    undefined,
                  ],
                ]
              }
            >
              동네를 선택하세요.
            </Text>
            <View />
          </View>
        </View>
      </View>
    </View>
  </View>
</RNCSafeAreaView>
`;
