// Jest Snapshot v1, https://goo.gl/fbAQLP

exports[`<Landing> matches snapshot 1`] = `
<div>
  <div
    class="sc-kDTinF jWwnnS"
  >
    <div
      class="sc-dkPtRN hvIZeU"
    >
      <img
        alt="landscape image"
        class="sc-hKwDye kRHFfw"
        src="plant_shelf.png"
      />
      <img
        alt="logo text: Growing Green"
        class="sc-eCImPb hpeDWD"
        src="logo_text.png"
      />
      <img
        alt="moving plant image"
        class="sc-jRQBWg hfYcWn"
        src="moving_plant1.png"
      />
      <img
        alt="moving plant image"
        class="sc-gKclnd etgHhU"
        src="moving_plant2.png"
      />
      <img
        alt="moving plant image"
        class="sc-iCfMLu bxtLNE"
        src="moving_plant3.png"
      />
      <img
        alt="moving plant image"
        class="sc-furwcr ibbrex"
        src="moving_plant4.png"
      />
      <img
        alt="moving plant image"
        class="sc-pVTFL coAymM"
        src="moving_plant5.png"
      />
    </div>
    <h3
      class="sc-bdvvtL gIMoMb"
    >
      <span>
        T
      </span>
      <span>
        o
      </span>
      <span>
        u
      </span>
      <span>
        c
      </span>
      <span>
        h
      </span>
      <span>
         
      </span>
      <span>
        t
      </span>
      <span>
        h
      </span>
      <span>
        e
      </span>
      <span>
         
      </span>
      <span>
        p
      </span>
      <span>
        l
      </span>
      <span>
        a
      </span>
      <span>
        n
      </span>
      <span>
        t
      </span>
      <span>
        !
      </span>
    </h3>
    <div
      class="sc-iqseJM duXjpg"
    >
      <button
        class="sc-gsDKAQ bEMEza"
        color="white"
        label="L O G I N"
        type="button"
      >
        <svg
          enable-background="new 0 0 48 48"
          fill="currentColor"
          height="24"
          stroke="currentColor"
          stroke-width="0"
          version="1.1"
          viewBox="0 0 48 48"
          width="24"
          x="0px"
          xmlns="http://www.w3.org/2000/svg"
          y="0px"
        >
          <path
            d="M43.611,20.083H42V20H24v8h11.303c-1.649,4.657-6.08,8-11.303,8c-6.627,0-12-5.373-12-12
	c0-6.627,5.373-12,12-12c3.059,0,5.842,1.154,7.961,3.039l5.657-5.657C34.046,6.053,29.268,4,24,4C12.955,4,4,12.955,4,24
	c0,11.045,8.955,20,20,20c11.045,0,20-8.955,20-20C44,22.659,43.862,21.35,43.611,20.083z"
            fill="#FFC107"
          />
          <path
            d="M6.306,14.691l6.571,4.819C14.655,15.108,18.961,12,24,12c3.059,0,5.842,1.154,7.961,3.039l5.657-5.657
	C34.046,6.053,29.268,4,24,4C16.318,4,9.656,8.337,6.306,14.691z"
            fill="#FF3D00"
          />
          <path
            d="M24,44c5.166,0,9.86-1.977,13.409-5.192l-6.19-5.238C29.211,35.091,26.715,36,24,36
	c-5.202,0-9.619-3.317-11.283-7.946l-6.522,5.025C9.505,39.556,16.227,44,24,44z"
            fill="#4CAF50"
          />
          <path
            d="M43.611,20.083H42V20H24v8h11.303c-0.792,2.237-2.231,4.166-4.087,5.571
	c0.001-0.001,0.002-0.001,0.003-0.002l6.19,5.238C36.971,39.205,44,34,44,24C44,22.659,43.862,21.35,43.611,20.083z"
            fill="#1976D2"
          />
        </svg>
        L O G I N
      </button>
    </div>
  </div>
</div>
`;
