// Jest Snapshot v1, https://goo.gl/fbAQLP

exports[`<SelectPlantPage> matches snapshot 1`] = `
<div>
  <div
    class="sc-gKclnd dnZyDc"
  >
    <h1
      class="title"
    >
      Create new plant
    </h1>
    <div
      class="sc-iCfMLu gVbqMv"
    >
      <div
        class="search-box"
      >
        <svg
          color="#393939"
          fill="currentColor"
          height="35"
          stroke="currentColor"
          stroke-width="0"
          style="color: rgb(57, 57, 57);"
          viewBox="0 0 24 24"
          width="35"
          xmlns="http://www.w3.org/2000/svg"
        >
          <path
            d="M10 18a7.952 7.952 0 0 0 4.897-1.688l4.396 4.396 1.414-1.414-4.396-4.396A7.952 7.952 0 0 0 18 10c0-4.411-3.589-8-8-8s-8 3.589-8 8 3.589 8 8 8zm0-14c3.309 0 6 2.691 6 6s-2.691 6-6 6-6-2.691-6-6 2.691-6 6-6z"
          />
        </svg>
        <input
          class="search-input"
          placeholder="키우고싶은 식물을 찾아보세요"
          value=""
        />
      </div>
    </div>
    <div
      class="sc-furwcr crzOcF"
      data-testid="result-container"
    >
      <p
        class="info-message"
      >
        검색어를 입력해주세요
      </p>
    </div>
    <div
      class="sc-bdvvtL rGCdf"
    >
      <h1
        class="sc-gsDKAQ hZXsZz"
      >
        사용자들이 가장 많이 키우는 식물 TOP 5
      </h1>
    </div>
    <button
      class="sc-jrQzAO ixElVa"
    />
  </div>
</div>
`;
