// Jest Snapshot v1, https://goo.gl/fbAQLP

exports[`<Loading> matches snapshot 1`] = `
.c0 {
  display: -webkit-box;
  display: -webkit-flex;
  display: -ms-flexbox;
  display: flex;
  width: 100%;
  height: 100%;
  -webkit-flex-direction: column;
  -ms-flex-direction: column;
  flex-direction: column;
  -webkit-align-items: center;
  -webkit-box-align: center;
  -ms-flex-align: center;
  align-items: center;
  -webkit-box-pack: center;
  -webkit-justify-content: center;
  -ms-flex-pack: center;
  justify-content: center;
}

.c1 {
  width: 80px;
  height: 80px;
  border-radius: 50%;
  border: 6px solid #999;
  box-sizing: border-box;
  -webkit-animation: rsm-sweep 1s linear alternate infinite, rsm-rotate 0.8s linear infinite;
  -webkit-animation: rsm-sweep 1s linear alternate infinite, rsm-rotate 0.8s linear infinite;
  animation: rsm-sweep 1s linear alternate infinite, rsm-rotate 0.8s linear infinite;
}

<div>
  <div
    class="c0"
  >
    <div
      class="c1"
      data-testid="loading-spinner"
    />
    <p>
      로딩중...
    </p>
  </div>
</div>
`;
